[[1;33mWARNING[m] 
[[1;33mWARNING[m] Some problems were encountered while building the effective settings
[[1;33mWARNING[m] Unrecognised tag: 'blocked' (position: START_TAG seen ...</url>\n      <blocked>... @164:16)  @ /usr/share/maven/conf/settings.xml, line 164, column 16
[[1;33mWARNING[m] 
[[1;34mINFO[m] Scanning for projects...
[[1;34mINFO[m] 
[[1;34mINFO[m] [1m------------------------< [0;36mcom.ims:ims-backend[0;1m >-------------------------[m
[[1;34mINFO[m] [1mBuilding IMS Backend 1.0.0-SNAPSHOT[m
[[1;34mINFO[m] [1m--------------------------------[ jar ]---------------------------------[m
[[1;34mINFO[m] 
[[1;34mINFO[m] [1m--- [0;32mmaven-resources-plugin:3.3.1:resources[m [1m(default-resources)[m @ [36mims-backend[0;1m ---[m
[[1;34mINFO[m] Copying 2 resources from src/main/resources to target/classes
[[1;34mINFO[m] Copying 22 resources from src/main/resources to target/classes
[[1;34mINFO[m] 
[[1;34mINFO[m] [1m--- [0;32mmaven-compiler-plugin:3.14.1:compile[m [1m(default-compile)[m @ [36mims-backend[0;1m ---[m
[[1;34mINFO[m] Nothing to compile - all classes are up to date.
[[1;34mINFO[m] 
[[1;34mINFO[m] [1m--- [0;32mmaven-resources-plugin:3.3.1:testResources[m [1m(default-testResources)[m @ [36mims-backend[0;1m ---[m
[[1;34mINFO[m] Copying 1 resource from src/test/resources to target/test-classes
[[1;34mINFO[m] 
[[1;34mINFO[m] [1m--- [0;32mmaven-compiler-plugin:3.14.1:testCompile[m [1m(default-testCompile)[m @ [36mims-backend[0;1m ---[m
[[1;34mINFO[m] Nothing to compile - all classes are up to date.
[[1;34mINFO[m] 
[[1;34mINFO[m] [1m--- [0;32mmaven-surefire-plugin:3.5.5:test[m [1m(default-test)[m @ [36mims-backend[0;1m ---[m
[[1;34mINFO[m] Using auto detected provider org.apache.maven.surefire.junitplatform.JUnitPlatformProvider
[[1;34mINFO[m] 
[[1;34mINFO[m] -------------------------------------------------------
[[1;34mINFO[m]  T E S T S
[[1;34mINFO[m] -------------------------------------------------------
[[1;34mINFO[m] Running com.ims.tenant.[1mBillingIntegrationTest[m
21:29:11.860 [main] INFO org.springframework.test.context.support.AnnotationConfigContextLoaderUtils -- Could not detect default configuration classes for test class [com.ims.tenant.BillingIntegrationTest]: BillingIntegrationTest does not declare any static, non-private, non-final, nested classes annotated with @Configuration.
21:29:11.979 [main] INFO org.springframework.boot.test.context.SpringBootTestContextBootstrapper -- Found @SpringBootConfiguration com.ims.ImsApplication for test class com.ims.tenant.BillingIntegrationTest

  .   ____          _            __ _ _
 /\\ / ___'_ __ _ _(_)_ __  __ _ \ \ \ \
( ( )\___ | '_ | '_| | '_ \/ _` | \ \ \ \
 \\/  ___)| |_)| | | | | || (_| |  ) ) ) )
  '  |____| .__|_| |_|_| |_\__, | / / / /
 =========|_|==============|___/=/_/_/_/

 :: Spring Boot ::               (v3.5.13)

2026-04-05T21:29:12.343+05:30  INFO 182567 --- [           main] com.ims.tenant.BillingIntegrationTest    : Starting BillingIntegrationTest using Java 17.0.18 with PID 182567 (started by loverboy in /home/loverboy/Downloads/inventry)
2026-04-05T21:29:12.344+05:30  INFO 182567 --- [           main] com.ims.tenant.BillingIntegrationTest    : The following 1 profile is active: "test"
2026-04-05T21:29:12.358+05:30 DEBUG 182567 --- [           main] o.s.w.c.s.GenericWebApplicationContext   : Refreshing org.springframework.web.context.support.GenericWebApplicationContext@3005db4a
2026-04-05T21:29:13.475+05:30  INFO 182567 --- [           main] .s.d.r.c.RepositoryConfigurationDelegate : Multiple Spring Data modules found, entering strict repository configuration mode
2026-04-05T21:29:13.477+05:30  INFO 182567 --- [           main] .s.d.r.c.RepositoryConfigurationDelegate : Bootstrapping Spring Data JPA repositories in DEFAULT mode.
2026-04-05T21:29:13.645+05:30  INFO 182567 --- [           main] .s.d.r.c.RepositoryConfigurationDelegate : Finished Spring Data repository scanning in 157 ms. Found 23 JPA repository interfaces.
OpenJDK 64-Bit Server VM warning: Sharing is only supported for boot loader classes because bootstrap classpath has been appended
2026-04-05T21:29:15.721+05:30  INFO 182567 --- [           main] com.zaxxer.hikari.HikariDataSource       : HikariPool-1 - Starting...
2026-04-05T21:29:15.901+05:30  INFO 182567 --- [           main] com.zaxxer.hikari.pool.HikariPool        : HikariPool-1 - Added connection conn0: url=jdbc:h2:mem:testdb user=SA
2026-04-05T21:29:15.903+05:30  INFO 182567 --- [           main] com.zaxxer.hikari.HikariDataSource       : HikariPool-1 - Start completed.
2026-04-05T21:29:15.953+05:30  INFO 182567 --- [           main] org.flywaydb.core.FlywayExecutor         : Database: jdbc:h2:mem:testdb (H2 2.3)
2026-04-05T21:29:15.997+05:30  INFO 182567 --- [           main] o.f.c.i.s.JdbcTableSchemaHistory         : Schema history table "PUBLIC"."flyway_schema_history" does not exist yet
2026-04-05T21:29:16.001+05:30  INFO 182567 --- [           main] o.f.core.internal.command.DbValidate     : Successfully validated 21 migrations (execution time 00:00.024s)
2026-04-05T21:29:16.007+05:30  INFO 182567 --- [           main] org.flywaydb.core.Flyway                 : All configured schemas are empty; baseline operation skipped. A baseline or migration script with a lower version than the baseline version may execute if available. Check the Schemas parameter if this is not intended.
2026-04-05T21:29:16.008+05:30  INFO 182567 --- [           main] o.f.c.i.s.JdbcTableSchemaHistory         : Creating Schema History table "PUBLIC"."flyway_schema_history" ...
2026-04-05T21:29:16.050+05:30  INFO 182567 --- [           main] o.f.core.internal.command.DbMigrate      : Current version of schema "PUBLIC": << Empty Schema >>
2026-04-05T21:29:16.065+05:30  INFO 182567 --- [           main] o.f.core.internal.command.DbMigrate      : Migrating schema "PUBLIC" to version "1 - create core tables"
2026-04-05T21:29:16.109+05:30  INFO 182567 --- [           main] o.f.core.internal.command.DbMigrate      : Migrating schema "PUBLIC" to version "2 - pharmacy extension"
2026-04-05T21:29:16.117+05:30  INFO 182567 --- [           main] o.f.core.internal.command.DbMigrate      : Migrating schema "PUBLIC" to version "3 - warehouse extension"
2026-04-05T21:29:16.126+05:30  INFO 182567 --- [           main] o.f.core.internal.command.DbMigrate      : Migrating schema "PUBLIC" to version "4 - payments and sequences"
2026-04-05T21:29:16.143+05:30  INFO 182567 --- [           main] o.f.core.internal.command.DbMigrate      : Migrating schema "PUBLIC" to version "5 - add user scope"
2026-04-05T21:29:16.154+05:30  INFO 182567 --- [           main] o.f.core.internal.command.DbMigrate      : Migrating schema "PUBLIC" to version "6 - add category tax rate"
2026-04-05T21:29:16.174+05:30  INFO 182567 --- [           main] o.f.core.internal.command.DbMigrate      : Migrating schema "PUBLIC" to version "7 - create audit logs"
2026-04-05T21:29:16.189+05:30  INFO 182567 --- [           main] o.f.core.internal.command.DbMigrate      : Migrating schema "PUBLIC" to version "8 - add tenant limits"
2026-04-05T21:29:16.206+05:30  INFO 182567 --- [           main] o.f.core.internal.command.DbMigrate      : Migrating schema "PUBLIC" to version "9 - create system configs"
2026-04-05T21:29:16.212+05:30  INFO 182567 --- [           main] o.f.core.internal.command.DbMigrate      : Migrating schema "PUBLIC" to version "10 - add invoice discount"
2026-04-05T21:29:16.222+05:30  INFO 182567 --- [           main] o.f.core.internal.command.DbMigrate      : Migrating schema "PUBLIC" to version "11 - add auth enhancements"
2026-04-05T21:29:16.242+05:30  INFO 182567 --- [           main] o.f.core.internal.command.DbMigrate      : Migrating schema "PUBLIC" to version "12 - create subscription plans"
2026-04-05T21:29:16.250+05:30  INFO 182567 --- [           main] o.f.core.internal.command.DbMigrate      : Migrating schema "PUBLIC" to version "13 - create support tickets"
2026-04-05T21:29:16.261+05:30  INFO 182567 --- [           main] o.f.core.internal.command.DbMigrate      : Migrating schema "PUBLIC" to version "14 - create roles permissions"
2026-04-05T21:29:16.272+05:30  INFO 182567 --- [           main] o.f.core.internal.command.DbMigrate      : Migrating schema "PUBLIC" to version "15 - add transfer order fields"
2026-04-05T21:29:16.281+05:30  INFO 182567 --- [           main] o.f.core.internal.command.DbMigrate      : Migrating schema "PUBLIC" to version "16 - add tenant expiry threshold"
2026-04-05T21:29:16.288+05:30  INFO 182567 --- [           main] o.f.core.internal.command.DbMigrate      : Migrating schema "PUBLIC" to version "17 - rename tenant domain to workspace slug"
2026-04-05T21:29:16.292+05:30  INFO 182567 --- [           main] o.f.core.internal.command.DbMigrate      : Migrating schema "PUBLIC" to version "18 - create user custom permissions"
2026-04-05T21:29:16.301+05:30  INFO 182567 --- [           main] o.f.core.internal.command.DbMigrate      : Migrating schema "PUBLIC" to version "19 - add more permissions"
2026-04-05T21:29:16.304+05:30  INFO 182567 --- [           main] o.f.core.internal.command.DbMigrate      : Migrating schema "PUBLIC" to version "20 - add customer gstin"
2026-04-05T21:29:16.309+05:30  INFO 182567 --- [           main] o.f.core.internal.command.DbMigrate      : Migrating schema "PUBLIC" to version "21 - add tenant business details"
2026-04-05T21:29:16.323+05:30  INFO 182567 --- [           main] o.f.core.internal.command.DbMigrate      : Successfully applied 21 migrations to schema "PUBLIC", now at version v21 (execution time 00:00.143s)
2026-04-05T21:29:16.444+05:30  INFO 182567 --- [           main] o.hibernate.jpa.internal.util.LogHelper  : HHH000204: Processing PersistenceUnitInfo [name: default]
2026-04-05T21:29:16.490+05:30  INFO 182567 --- [           main] org.hibernate.Version                    : HHH000412: Hibernate ORM core version 6.6.45.Final
2026-04-05T21:29:16.520+05:30  INFO 182567 --- [           main] o.h.c.internal.RegionFactoryInitiator    : HHH000026: Second-level cache disabled
2026-04-05T21:29:16.611+05:30  INFO 182567 --- [           main] o.s.o.j.p.SpringPersistenceUnitInfo      : No LoadTimeWeaver setup: ignoring JPA class transformer
2026-04-05T21:29:16.655+05:30  WARN 182567 --- [           main] org.hibernate.orm.deprecation            : HHH90000025: H2Dialect does not need to be specified explicitly using 'hibernate.dialect' (remove the property setting and it will be selected by default)
2026-04-05T21:29:16.672+05:30  INFO 182567 --- [           main] org.hibernate.orm.connections.pooling    : HHH10001005: Database info:
	Database JDBC URL [Connecting through datasource 'HikariDataSource (HikariPool-1)']
	Database driver: undefined/unknown
	Database version: 2.3.232
	Autocommit mode: undefined/unknown
	Isolation level: undefined/unknown
	Minimum pool size: undefined/unknown
	Maximum pool size: undefined/unknown
2026-04-05T21:29:17.706+05:30  INFO 182567 --- [           main] o.h.e.t.j.p.i.JtaPlatformInitiator       : HHH000489: No JTA platform available (set 'hibernate.transaction.jta.platform' to enable JTA platform integration)
2026-04-05T21:29:17.708+05:30  INFO 182567 --- [           main] j.LocalContainerEntityManagerFactoryBean : Initialized JPA EntityManagerFactory for persistence unit 'default'
2026-04-05T21:29:18.240+05:30  INFO 182567 --- [           main] o.s.d.j.r.query.QueryEnhancerFactory     : Hibernate is in classpath; If applicable, HQL parser will be used.
2026-04-05T21:29:20.477+05:30 DEBUG 182567 --- [           main] s.w.s.m.m.a.RequestMappingHandlerMapping : 133 mappings in 'requestMappingHandlerMapping'
2026-04-05T21:29:20.539+05:30 DEBUG 182567 --- [           main] o.s.w.s.handler.SimpleUrlHandlerMapping  : Patterns [/webjars/**, /**, /swagger-ui*/*swagger-initializer.js, /swagger-ui*/**] in 'resourceHandlerMapping'
2026-04-05T21:29:20.740+05:30  INFO 182567 --- [           main] o.s.b.a.e.web.EndpointLinksResolver      : Exposing 2 endpoints beneath base path '/actuator'
2026-04-05T21:29:20.792+05:30  WARN 182567 --- [           main] .s.s.UserDetailsServiceAutoConfiguration : 

Using generated security password: 0056cd98-9530-4e91-83b8-c6669b4fdc5c

This generated password is for development use only. Your security configuration must be updated before running your application in production.

2026-04-05T21:29:20.806+05:30  INFO 182567 --- [           main] r$InitializeUserDetailsManagerConfigurer : Global AuthenticationManager configured with UserDetailsService bean with name inMemoryUserDetailsManager
2026-04-05T21:29:21.088+05:30 DEBUG 182567 --- [           main] s.w.s.m.m.a.RequestMappingHandlerAdapter : ControllerAdvice beans: 0 @ModelAttribute, 0 @InitBinder, 1 RequestBodyAdvice, 1 ResponseBodyAdvice
2026-04-05T21:29:21.147+05:30 DEBUG 182567 --- [           main] .m.m.a.ExceptionHandlerExceptionResolver : ControllerAdvice beans: 2 @ExceptionHandler, 1 ResponseBodyAdvice
2026-04-05T21:29:21.537+05:30 DEBUG 182567 --- [           main] o.s.w.f.ServerHttpObservationFilter      : Filter 'webMvcObservationFilter' configured for use
2026-04-05T21:29:21.537+05:30 DEBUG 182567 --- [           main] o.s.w.s.r.ResourceUrlEncodingFilter      : Filter 'resourceUrlEncodingFilter' configured for use
2026-04-05T21:29:21.538+05:30  INFO 182567 --- [           main] o.s.b.t.m.w.SpringBootMockServletContext : Initializing Spring TestDispatcherServlet ''
2026-04-05T21:29:21.538+05:30  INFO 182567 --- [           main] o.s.t.web.servlet.TestDispatcherServlet  : Initializing Servlet ''
2026-04-05T21:29:21.541+05:30  INFO 182567 --- [           main] o.s.t.web.servlet.TestDispatcherServlet  : Completed initialization in 3 ms
2026-04-05T21:29:21.641+05:30  INFO 182567 --- [           main] com.ims.tenant.BillingIntegrationTest    : Started BillingIntegrationTest in 9.56 seconds (process running for 10.334)
2026-04-05T21:29:21.969+05:30  INFO 182567 --- [           main] com.ims.shared.auth.SignupService        : Signup: Created tenant id=4 name=Billing Corp
2026-04-05T21:29:22.040+05:30  INFO 182567 --- [           main] com.ims.shared.audit.AuditLogService     : AUDIT: tenant=4 user=2 action=SIGNUP details=New business registered: Billing Corp by admin@billing.com
2026-04-05T21:29:22.042+05:30  INFO 182567 --- [           main] com.ims.shared.auth.SignupService        : Signup: Created owner user for tenant=4
2026-04-05T21:29:22.088+05:30 DEBUG 182567 --- [           main] s.w.s.m.m.a.RequestMappingHandlerMapping : Mapped to com.ims.shared.auth.AuthController#login(LoginRequest)
2026-04-05T21:29:22.109+05:30 DEBUG 182567 --- [           main] m.m.a.RequestResponseBodyMethodProcessor : Read "application/json;charset=UTF-8" to [LoginRequest(email=admin@billing.com, password=password123, companyCode=billing-corp)]
2026-04-05T21:29:22.311+05:30  INFO 182567 --- [           main] com.ims.shared.audit.AuditLogService     : AUDIT: tenant=4 user=2 action=LOGIN details=User logged in: admin@billing.com (TENANT)
2026-04-05T21:29:22.313+05:30  INFO 182567 --- [           main] com.ims.shared.auth.AuthService          : Login successful: user=admin@billing.com role=ADMIN tenant=4
2026-04-05T21:29:22.333+05:30 DEBUG 182567 --- [           main] o.s.w.s.m.m.a.HttpEntityMethodProcessor  : Using 'application/json', given [*/*] and supported [application/json, application/*+json, application/yaml]
2026-04-05T21:29:22.335+05:30 DEBUG 182567 --- [           main] o.s.w.s.m.m.a.HttpEntityMethodProcessor  : Writing [LoginResponse(accessToken=eyJhbGciOiJIUzI1NiJ9.eyJ0ZW5hbnRfaWQiOjQsInJvbGUiOiJBRE1JTiIsInVzZXJfaWQiO (truncated)...]
2026-04-05T21:29:22.394+05:30 DEBUG 182567 --- [           main] s.w.s.m.m.a.RequestMappingHandlerMapping : Mapped to com.ims.tenant.controller.ProductController#createProduct(CreateProductRequest)
2026-04-05T21:29:22.402+05:30 DEBUG 182567 --- [           main] m.m.a.RequestResponseBodyMethodProcessor : Read "application/json;charset=UTF-8" to [CreateProductRequest(name=Billing Product, sku=BILL-001, barcode=null, categoryId=null, unit=null, p (truncated)...]
2026-04-05T21:29:22.422+05:30 DEBUG 182567 --- [           main] .m.m.a.ExceptionHandlerExceptionResolver : Using @ExceptionHandler com.ims.shared.exception.GlobalExceptionHandler#handleAll(Exception, HttpServletRequest)
2026-04-05T21:29:22.424+05:30 DEBUG 182567 --- [           main] o.s.w.s.m.m.a.HttpEntityMethodProcessor  : Using 'application/json', given [*/*] and supported [application/json, application/*+json, application/yaml]
2026-04-05T21:29:22.425+05:30 DEBUG 182567 --- [           main] o.s.w.s.m.m.a.HttpEntityMethodProcessor  : Writing [{status=500, error=INTERNAL_ERROR, message=An unexpected error occurred, path=/api/tenant/products,  (truncated)...]
2026-04-05T21:29:22.427+05:30 DEBUG 182567 --- [           main] .m.m.a.ExceptionHandlerExceptionResolver : Resolved [java.lang.IllegalStateException: No cache could be resolved for 'Builder[public com.ims.dto.response.ProductResponse com.ims.tenant.service.ProductService.createProduct(com.ims.dto.request.CreateProductRequest)] caches=[products] | key='' | keyGenerator='' | cacheManager='' | cacheResolver='tenantAwareCacheResolver' | condition='',true,false' using resolver 'tenantAwareCacheResolver'. At least one cache should be provided per cache operation.]

MockHttpServletRequest:
      HTTP Method = POST
      Request URI = /api/auth/login
       Parameters = {}
          Headers = [Content-Type:"application/json;charset=UTF-8", Content-Length:"83"]
             Body = {"email":"admin@billing.com","password":"password123","companyCode":"billing-corp"}
    Session Attrs = {}

Handler:
             Type = com.ims.shared.auth.AuthController
           Method = com.ims.shared.auth.AuthController#login(LoginRequest)

Async:
    Async started = false
     Async result = null

Resolved Exception:
             Type = null

ModelAndView:
        View name = null
             View = null
            Model = null

FlashMap:
       Attributes = null

MockHttpServletResponse:
           Status = 200
    Error message = null
          Headers = [Vary:"Origin", "Access-Control-Request-Method", "Access-Control-Request-Headers", X-Correlation-ID:"ae38933e-7139-4d72-80d3-6d201ae190e8", X-RateLimit-Limit:"20", X-RateLimit-Remaining:"20", Content-Type:"application/json", X-Content-Type-Options:"nosniff", X-XSS-Protection:"1; mode=block", Cache-Control:"no-cache, no-store, max-age=0, must-revalidate", Pragma:"no-cache", Expires:"0", X-Frame-Options:"DENY", Content-Security-Policy:"default-src 'self'; frame-ancestors 'none'; object-src 'none';"]
     Content type = application/json
             Body = {"accessToken":"eyJhbGciOiJIUzI1NiJ9.eyJ0ZW5hbnRfaWQiOjQsInJvbGUiOiJBRE1JTiIsInVzZXJfaWQiOjIsInNjb3BlIjoiVEVOQU5UIiwiYnVzaW5lc3NfdHlwZSI6IlJFVEFJTCIsInN1YiI6IjIiLCJpYXQiOjE3NzU0MDQ3NjIsImV4cCI6MTc3NTQ5MTE2Mn0.QcbIocMvo1cFS3CBeIHyPfFiOZ4j9ll5IJ6AC1klNug","refreshToken":"eyJhbGciOiJIUzI1NiJ9.eyJ0ZW5hbnRfaWQiOjQsInJvbGUiOiJBRE1JTiIsInVzZXJfaWQiOjIsInNjb3BlIjoiVEVOQU5UIiwiYnVzaW5lc3NfdHlwZSI6IlJFVEFJTCIsInRva2VuX3R5cGUiOiJyZWZyZXNoIiwic3ViIjoiMiIsImlhdCI6MTc3NTQwNDc2MiwiZXhwIjoxNzc2MDA5NTYyfQ.7L25f0XJScY_vB0UMHf8A_0gOslewPbjgGJPP4hvkBM","expiresIn":86400,"user":{"id":"2","name":"Admin","email":"admin@billing.com","type":"TENANT","platformRole":null}}
    Forwarded URL = null
   Redirected URL = null
          Cookies = []

MockHttpServletRequest:
      HTTP Method = POST
      Request URI = /api/tenant/products
       Parameters = {}
          Headers = [Content-Type:"application/json;charset=UTF-8", Authorization:"Bearer eyJhbGciOiJIUzI1NiJ9.eyJ0ZW5hbnRfaWQiOjQsInJvbGUiOiJBRE1JTiIsInVzZXJfaWQiOjIsInNjb3BlIjoiVEVOQU5UIiwiYnVzaW5lc3NfdHlwZSI6IlJFVEFJTCIsInN1YiI6IjIiLCJpYXQiOjE3NzU0MDQ3NjIsImV4cCI6MTc3NTQ5MTE2Mn0.QcbIocMvo1cFS3CBeIHyPfFiOZ4j9ll5IJ6AC1klNug", Content-Length:"195"]
             Body = {"name":"Billing Product","sku":"BILL-001","barcode":null,"categoryId":null,"unit":null,"purchasePrice":null,"salePrice":150.00,"reorderLevel":null,"pharmacyDetails":null,"warehouseDetails":null}
    Session Attrs = {}

Handler:
             Type = com.ims.tenant.controller.ProductController
           Method = com.ims.tenant.controller.ProductController#createProduct(CreateProductRequest)

Async:
    Async started = false
     Async result = null

Resolved Exception:
             Type = java.lang.IllegalStateException

ModelAndView:
        View name = null
             View = null
            Model = null

FlashMap:
       Attributes = null

MockHttpServletResponse:
           Status = 500
    Error message = null
          Headers = [Vary:"Origin", "Access-Control-Request-Method", "Access-Control-Request-Headers", X-Correlation-ID:"09d8a2c4-91a5-4464-a79f-c8a4adf9bd4f", X-RateLimit-Limit:"200", X-RateLimit-Remaining:"200", Content-Type:"application/json", X-Content-Type-Options:"nosniff", X-XSS-Protection:"1; mode=block", Cache-Control:"no-cache, no-store, max-age=0, must-revalidate", Pragma:"no-cache", Expires:"0", X-Frame-Options:"DENY", Content-Security-Policy:"default-src 'self'; frame-ancestors 'none'; object-src 'none';"]
     Content type = application/json
             Body = {"status":500,"error":"INTERNAL_ERROR","message":"An unexpected error occurred","path":"/api/tenant/products","timestamp":"2026-04-05T21:29:22.423359268","correlation_id":"09d8a2c4-91a5-4464-a79f-c8a4adf9bd4f"}
    Forwarded URL = null
   Redirected URL = null
          Cookies = []
[[1;31mERROR[m] [1;31mTests [0;1mrun: [0;1m1[m, [1;31mFailures: [0;1;31m1[m, Errors: 0, Skipped: 0, Time elapsed: 10.72 s[1;31m <<< FAILURE![m -- in com.ims.tenant.[1mBillingIntegrationTest[m
[[1;31mERROR[m] com.ims.tenant.BillingIntegrationTest.testInvoiceGenerationAndPdfDownload -- Time elapsed: 0.750 s <<< FAILURE!
java.lang.AssertionError: Status expected:<201> but was:<500>
	at org.springframework.test.util.AssertionErrors.fail(AssertionErrors.java:61)
	at org.springframework.test.util.AssertionErrors.assertEquals(AssertionErrors.java:128)
	at org.springframework.test.web.servlet.result.StatusResultMatchers.lambda$matcher$9(StatusResultMatchers.java:640)
	at org.springframework.test.web.servlet.MockMvc$1.andExpect(MockMvc.java:214)
	at com.ims.tenant.BillingIntegrationTest.testInvoiceGenerationAndPdfDownload(BillingIntegrationTest.java:86)
	at java.base/java.lang.reflect.Method.invoke(Method.java:569)
	at java.base/java.util.ArrayList.forEach(ArrayList.java:1511)
	at java.base/java.util.ArrayList.forEach(ArrayList.java:1511)

[[1;34mINFO[m] 
[[1;34mINFO[m] Results:
[[1;34mINFO[m] 
[[1;31mERROR[m] [1;31mFailures: [m
[[1;31mERROR[m] [1;31m  BillingIntegrationTest.testInvoiceGenerationAndPdfDownload:86 Status expected:<201> but was:<500>[m
[[1;34mINFO[m] 
[[1;31mERROR[m] [1;31mTests run: 1, Failures: 1, Errors: 0, Skipped: 0[m
[[1;34mINFO[m] 
[[1;34mINFO[m] [1m------------------------------------------------------------------------[m
[[1;34mINFO[m] [1;31mBUILD FAILURE[m
[[1;34mINFO[m] [1m------------------------------------------------------------------------[m
[[1;34mINFO[m] Total time:  12.629 s
[[1;34mINFO[m] Finished at: 2026-04-05T21:29:22+05:30
[[1;34mINFO[m] [1m------------------------------------------------------------------------[m
[[1;31mERROR[m] Failed to execute goal [32morg.apache.maven.plugins:maven-surefire-plugin:3.5.5:test[m [1m(default-test)[m on project [36mims-backend[m: [1;31mThere are test failures.[m
[[1;31mERROR[m] [1;31m[m
[[1;31mERROR[m] [1;31mSee /home/loverboy/Downloads/inventry/target/surefire-reports for the individual test results.[m
[[1;31mERROR[m] [1;31mSee dump files (if any exist) [date].dump, [date]-jvmRun[N].dump and [date].dumpstream.[m
[[1;31mERROR[m] -> [1m[Help 1][m
[[1;31mERROR[m] 
[[1;31mERROR[m] To see the full stack trace of the errors, re-run Maven with the [1m-e[m switch.
[[1;31mERROR[m] Re-run Maven using the [1m-X[m switch to enable full debug logging.
[[1;31mERROR[m] 
[[1;31mERROR[m] For more information about the errors and possible solutions, please read the following articles:
[[1;31mERROR[m] [1m[Help 1][m http://cwiki.apache.org/confluence/display/MAVEN/MojoFailureException
